C:\Users\136022>git init
Initialized empty Git repository in C:/Users/136022/.git/

C:\Users\136022>git init lab1
Initialized empty Git repository in C:/Users/136022/lab1/.git/

C:\Users\136022>cd lab1

C:\Users\136022\lab1>notepad l1.txt

C:\Users\136022\lab1>git add l1.txt

C:\Users\136022\lab1>git commit -m "Inital commit"

C:\Users\136022\lab1>git status
On branch master
nothing to commit, working tree clean

C:\Users\136022\lab1>git status
On branch master
Changes not staged for commit:
  (use "git add <file>..." to update what will be committed)
  (use "git checkout -- <file>..." to discard changes in working directory)

        modified:   l1.txt

no changes added to commit (use "git add" and/or "git commit -a")

C:\Users\136022\lab1>git commit -a -m "modify l1.txt"
[master 9250f57] modify l1.txt
 Committer: unknown <ristovski.stefan.2013@students.finki.ukim.mk>
Your name and email address were configured automatically based
on your username and hostname. Please check that they are accurate.
You can suppress this message by setting them explicitly. Run the
following command and follow the instructions in your editor to edit
your configuration file:

    git config --global --edit

After doing this, you may fix the identity used for this commit with:

    git commit --amend --reset-author

 1 file changed, 2 insertions(+), 1 deletion(-)

C:\Users\136022\lab1>git status
On branch master
nothing to commit, working tree clean

C:\Users\136022\lab1>git remote add origin https://github.com/RistovskiS/lab1.git

C:\Users\136022\lab1>git push -u origin master
Counting objects: 6, done.
Delta compression using up to 4 threads.
Compressing objects: 100% (2/2), done.
Writing objects: 100% (6/6), 459 bytes | 114.00 KiB/s, done.
Total 6 (delta 1), reused 0 (delta 0)
remote: Resolving deltas: 100% (1/1), done.
To https://github.com/RistovskiS/lab1.git
 * [new branch]      master -> master
Branch 'master' set up to track remote branch 'master' from 'origin'.

C:\Users\136022\lab1>git status
On branch master
Your branch is up to date with 'origin/master'.

Changes not staged for commit:
  (use "git add <file>..." to update what will be committed)
  (use "git checkout -- <file>..." to discard changes in working directory)

        modified:   l1.txt

no changes added to commit (use "git add" and/or "git commit -a")

C:\Users\136022\lab1>git reset --hard HEAD
HEAD is now at 9250f57 modify l1.txt

C:\Users\136022\lab1>git status
On branch master
Your branch is up to date with 'origin/master'.

nothing to commit, working tree clean

C:\Users\136022\lab1>git branch logging

C:\Users\136022\lab1>git status
On branch master
Your branch is up to date with 'origin/master'.

nothing to commit, working tree clean

C:\Users\136022\lab1>git checkout logging
Switched to branch 'logging'

C:\Users\136022\lab1>notepad log.txt

C:\Users\136022\lab1>git log
commit 9250f572300d18bce2d023d5c4c2c6d75d67334d (HEAD -> logging, origin/master, master)
Author: unknown <ristovski.stefan.2013@students.finki.ukim.mk>
Date:   Wed Apr 4 17:39:36 2018 +0200

    modify l1.txt

commit 1f1d94465821025269a400bba81529dd688687d9
Author: unknown <ristovski.stefan.2013@students.finki.ukim.mk>
Date:   Wed Apr 4 17:29:01 2018 +0200

    Inital commit

C:\Users\136022\lab1>git status
On branch logging
Untracked files:
  (use "git add <file>..." to include in what will be committed)

        log.txt

nothing added to commit but untracked files present (use "git add" to track)

C:\Users\136022\lab1>git add log.txt

C:\Users\136022\lab1>git commit -m "log.txt"
[logging 1e39935] log.txt
 Committer: unknown <ristovski.stefan.2013@students.finki.ukim.mk>
Your name and email address were configured automatically based
on your username and hostname. Please check that they are accurate.
You can suppress this message by setting them explicitly. Run the
following command and follow the instructions in your editor to edit
your configuration file:

    git config --global --edit

After doing this, you may fix the identity used for this commit with:

    git commit --amend --reset-author

 1 file changed, 12 insertions(+)
 create mode 100644 log.txt

C:\Users\136022\lab1>git push -u origin logging
Counting objects: 3, done.
Delta compression using up to 4 threads.
Compressing objects: 100% (3/3), done.
Writing objects: 100% (3/3), 526 bytes | 175.00 KiB/s, done.
Total 3 (delta 0), reused 0 (delta 0)
To https://github.com/RistovskiS/lab1.git
 * [new branch]      logging -> logging
Branch 'logging' set up to track remote branch 'logging' from 'origin'.

C:\Users\136022\lab1>git checkout master
Switched to branch 'master'
Your branch is up to date with 'origin/master'.

C:\Users\136022\lab1>git merge logging
Updating 9250f57..1e39935
Fast-forward
 log.txt | 12 ++++++++++++
 1 file changed, 12 insertions(+)
 create mode 100644 log.txt

C:\Users\136022\lab1>git push -u origin master
Total 0 (delta 0), reused 0 (delta 0)
To https://github.com/RistovskiS/lab1.git
   9250f57..1e39935  master -> master
Branch 'master' set up to track remote branch 'master' from 'origin'.

C:\Users\136022\lab1>git branch allcomands

C:\Users\136022\lab1>git checkout allcomands
Switched to branch 'allcomands'

C:\Users\136022\lab1>notepad commands.txt

C:\Users\136022\lab1>